---
source: src/tests/mod.rs
expression: ctx.redact_buffer()
---
▌b66a0bf main origin/main add initial-file                                      |
                                                                                |
                                                                                |
                                                                                |
                                                                                |
                                                                                |
                                                                                |
                                                                                |
                                                                                |
                                                                                |
                                                                                |
                                                                                |
                                                                                |
                                                                                |
────────────────────────────────────────────────────────────────────────────────|
 Revert                   Arguments                                             |
 a     Abort              -e Edit commit message (--edit)                       |
 c     Continue           -E Don't edit commit message (--no-edit)              |
 V     Revert commit(s)   -s Add Signed-off-by lines (--signoff)                |
 q/esc Quit/Close                                                               |
styles_hash: 64dda6a1259ae722
