---
source: src/tests/mod.rs
expression: ctx.redact_buffer()
---
 On branch main                                                                 |
 Your branch is up to date with 'origin/main'.                                  |
                                                                                |
 Untracked files                                                                |
▌a                                                                              |
                                                                                |
 Staged changes (1)                                                             |
 added      b                                                                   |
 @@ -0,0 +1 @@                                                                  |
 +test                                                                          |
                                                                                |
 Recent commits                                                                 |
 b66a0bf main origin/main add initial-file                                      |
                                                                                |
                                                                                |
                                                                                |
                                                                                |
                                                                                |
                                                                                |
                                                                                |
styles_hash: 7b4df661210d46
