---
source: src/tests/mod.rs
expression: ctx.redact_buffer()
---
 On branch main                                                                 |
 Your branch is ahead of 'origin/main' by 2 commit(s).                          |
                                                                                |
 Unstaged changes (1)                                                           |
▌modified   file-two…                                                           |
                                                                                |
 Staged changes (1)                                                             |
 modified   file-one                                                            |
 @@ -1,2 +1 @@                                                                  |
 -asdf                                                                          |
  blahonga                                                                      |
                                                                                |
 Recent commits                                                                 |
 e45938a main add file-two                                                      |
 b3cf8e8 add file-one                                                           |
 b66a0bf origin/main add initial-file                                           |
                                                                                |
                                                                                |
────────────────────────────────────────────────────────────────────────────────|
$ git apply --cached                                                            |
styles_hash: ec215853d0f68a99
