---
source: src/tests/mod.rs
expression: ctx.redact_buffer()
---
 On branch main                                                                 |
 Your branch is ahead of 'origin/main' by 2 commit(s).                          |
                                                                                |
 Unstaged changes (2)                                                           |
 modified   file-one…                                                           |
▌modified   file-two…                                                           |
                                                                                |
 Recent commits                                                                 |
 e45938a main add file-two                                                      |
 b3cf8e8 add file-one                                                           |
 b66a0bf origin/main add initial-file                                           |
                                                                                |
                                                                                |
                                                                                |
                                                                                |
                                                                                |
                                                                                |
                                                                                |
                                                                                |
                                                                                |
styles_hash: ced58bcec150cda1
