---
source: src/tests/mod.rs
expression: ctx.redact_buffer()
---
▌On branch main                                                                 |
▌Your branch is ahead of 'origin/main' by 1 commit(s).                          |
                                                                                |
 Staged changes (2)                                                             |
 added      moved-file…                                                         |
 deleted    new-file…                                                           |
                                                                                |
 Recent commits                                                                 |
 46c81ca main add new-file                                                      |
 b66a0bf origin/main add initial-file                                           |
                                                                                |
                                                                                |
                                                                                |
                                                                                |
                                                                                |
                                                                                |
                                                                                |
                                                                                |
                                                                                |
                                                                                |
styles_hash: a78e282a8243c9ab
