---
source: src/tests/pull.rs
expression: ctx.redact_buffer()
---
▌On branch new-branch                                                           |
                                                                                |
 Recent commits                                                                 |
 b66a0bf main new-branch origin/main add initial-file                           |
                                                                                |
                                                                                |
                                                                                |
                                                                                |
                                                                                |
                                                                                |
                                                                                |
────────────────────────────────────────────────────────────────────────────────|
 Pull                                Arguments                                  |
 p     pushRemote, setting that      -r Rebase local commits (--rebase)         |
 u     upstream, setting that                                                   |
 e     from elsewhere                                                           |
 q/esc Quit/Close                                                               |
────────────────────────────────────────────────────────────────────────────────|
$ git branch --set-upstream-to new-branch                                       |
warning: not setting branch 'new-branch' as its own upstream                    |
styles_hash: fc485f2968e3e530
