---
source: src/tests/reset.rs
expression: ctx.redact_buffer()
---
 ba1a85d main add unwanted-file                                                 |
▌b66a0bf origin/main add initial-file                                           |
                                                                                |
                                                                                |
                                                                                |
                                                                                |
                                                                                |
                                                                                |
                                                                                |
                                                                                |
                                                                                |
                                                                                |
                                                                                |
                                                                                |
────────────────────────────────────────────────────────────────────────────────|
 Reset                                                                          |
 s     soft                                                                     |
 m     mixed                                                                    |
 h     hard                                                                     |
 q/esc Quit/Close                                                               |
styles_hash: f5d50e0a53ae7611
