---
source: src/tests/mod.rs
expression: ctx.redact_buffer()
---
▌Rebasing other-branch onto main                                                |
                                                                                |
 Unstaged changes (1)                                                           |
 unmerged   new-file…                                                           |
                                                                                |
 Staged changes (1)                                                             |
 unmerged   new-file…                                                           |
                                                                                |
 Recent commits                                                                 |
 ed5ed59 main Author Name modify new-file                                       |
 46c81ca Author Name add new-file                                               |
 b66a0bf origin/main Author Name add initial-file                               |
                                                                                |
                                                                                |
                                                                                |
                                                                                |
                                                                                |
                                                                                |
                                                                                |
                                                                                |
styles_hash: a1a803ac56a966a
