---
source: src/tests/stage.rs
expression: ctx.redact_buffer()
---
 On branch main                                                                 |
 Your branch is ahead of 'origin/main' by 1 commit(s).                          |
                                                                                |
 Staged changes (1)                                                             |
▌deleted    to-delete…                                                          |
                                                                                |
 Recent commits                                                                 |
 0341425 main add to-delete                                      Author Name __ |
 b66a0bf origin/main add initial-file                            Author Name __ |
                                                                                |
                                                                                |
                                                                                |
                                                                                |
                                                                                |
                                                                                |
                                                                                |
                                                                                |
                                                                                |
────────────────────────────────────────────────────────────────────────────────|
$ git add to-delete                                                             |
styles_hash: f6d3f6ef453ef313
