---
source: src/tests/mod.rs
expression: ctx.redact_buffer()
---
Buffer {
    area: Rect { x: 0, y: 0, width: 80, height: 20 },
    content: [
        " On branch main                                                                 ",
        "                                                                                ",
        " Unstaged changes (1)                                                           ",
        " modified   firstfile                                                           ",
        " @@ -1 +1,2 @@                                                                  ",
        "▌-testtest                                                                      ",
        " +weehooo                                                                       ",
        " +blrergh                                                                       ",
        "                                                                                ",
        " Staged changes (1)                                                             ",
        " modified   firstfile                                                           ",
        " @@ -1,2 +1 @@                                                                  ",
        " -testing                                                                       ",
        "  testtest                                                                      ",
        "                                                                                ",
        " Recent commits                                                                 ",
        " _______ main add firstfile                                                     ",
        "────────────────────────────────────────────────────────────────────────────────",
        "$ git apply --cached --recount                                                  ",
        "                                                                                ",
    ],
    styles: [
        x: 0, y: 0, fg: Reset, bg: Reset, underline: Reset, modifier: NONE,
        x: 1, y: 0, fg: Yellow, bg: Reset, underline: Reset, modifier: NONE,
        x: 0, y: 1, fg: Reset, bg: Reset, underline: Reset, modifier: NONE,
        x: 1, y: 2, fg: Yellow, bg: Reset, underline: Reset, modifier: NONE,
        x: 17, y: 2, fg: Reset, bg: Reset, underline: Reset, modifier: NONE,
        x: 1, y: 3, fg: Magenta, bg: Reset, underline: Reset, modifier: NONE,
        x: 0, y: 4, fg: Reset, bg: Reset, underline: Reset, modifier: NONE,
        x: 1, y: 4, fg: Blue, bg: Reset, underline: Reset, modifier: NONE,
        x: 0, y: 5, fg: Blue, bg: Reset, underline: Reset, modifier: BOLD,
        x: 1, y: 5, fg: Red, bg: Reset, underline: Reset, modifier: BOLD,
        x: 10, y: 5, fg: Reset, bg: Reset, underline: Reset, modifier: BOLD,
        x: 0, y: 6, fg: Reset, bg: Reset, underline: Reset, modifier: NONE,
        x: 1, y: 6, fg: Green, bg: Reset, underline: Reset, modifier: NONE,
        x: 9, y: 6, fg: Reset, bg: Reset, underline: Reset, modifier: NONE,
        x: 1, y: 7, fg: Green, bg: Reset, underline: Reset, modifier: NONE,
        x: 9, y: 7, fg: Reset, bg: Reset, underline: Reset, modifier: NONE,
        x: 1, y: 9, fg: Yellow, bg: Reset, underline: Reset, modifier: NONE,
        x: 15, y: 9, fg: Reset, bg: Reset, underline: Reset, modifier: NONE,
        x: 1, y: 10, fg: Magenta, bg: Reset, underline: Reset, modifier: NONE,
        x: 0, y: 11, fg: Reset, bg: Reset, underline: Reset, modifier: NONE,
        x: 1, y: 11, fg: Blue, bg: Reset, underline: Reset, modifier: NONE,
        x: 0, y: 12, fg: Reset, bg: Reset, underline: Reset, modifier: NONE,
        x: 1, y: 12, fg: Red, bg: Reset, underline: Reset, modifier: NONE,
        x: 9, y: 12, fg: Reset, bg: Reset, underline: Reset, modifier: NONE,
        x: 1, y: 15, fg: Yellow, bg: Reset, underline: Reset, modifier: NONE,
        x: 0, y: 16, fg: Reset, bg: Reset, underline: Reset, modifier: NONE,
        x: 1, y: 16, fg: Yellow, bg: Reset, underline: Reset, modifier: NONE,
        x: 8, y: 16, fg: Reset, bg: Reset, underline: Reset, modifier: NONE,
        x: 9, y: 16, fg: Green, bg: Reset, underline: Reset, modifier: NONE,
        x: 13, y: 16, fg: Reset, bg: Reset, underline: Reset, modifier: NONE,
        x: 0, y: 17, fg: Reset, bg: Reset, underline: Reset, modifier: DIM,
        x: 0, y: 18, fg: Blue, bg: Reset, underline: Reset, modifier: BOLD,
        x: 30, y: 18, fg: Reset, bg: Reset, underline: Reset, modifier: NONE,
    ]
}
