---
source: src/tests/log.rs
expression: ctx.redact_buffer()
---
▌8bb5532 main add first commit                                                  |
 6c08cf7 add second commit                                                      |
                                                                                |
                                                                                |
                                                                                |
                                                                                |
                                                                                |
                                                                                |
                                                                                |
                                                                                |
                                                                                |
                                                                                |
                                                                                |
                                                                                |
                                                                                |
                                                                                |
                                                                                |
                                                                                |
                                                                                |
                                                                                |
styles_hash: a908290abddd40c9
