---
source: src/tests/push.rs
expression: ctx.redact_buffer()
---
▌On branch new-branch                                                           |
                                                                                |
 Recent commits                                                                 |
 e7eb2bd new-branch add new-file                                                |
 b66a0bf main origin/main add initial-file                                      |
                                                                                |
                                                                                |
                                                                                |
                                                                                |
                                                                                |
                                                                                |
────────────────────────────────────────────────────────────────────────────────|
 Push                                Arguments                                  |
 p     pushRemote, setting that      -n Dry run (--dry-run)                     |
 u     upstream, setting that        -F Force (--force)                         |
 e     to elsewhere                  -f Force with lease (--force-with-lease)   |
 q/esc Quit/Close                    -h Disable hooks (--no-verify)             |
────────────────────────────────────────────────────────────────────────────────|
$ git branch --set-upstream-to new-branch                                       |
warning: not setting branch 'new-branch' as its own upstream                    |
styles_hash: 34a6f540aca73543
