---
source: src/tests/cherry_pick.rs
expression: ctx.redact_buffer()
---
▌b9ef0d7 main other-branch add cherry-file                       Author Name __ |
 b66a0bf origin/main add initial-file                            Author Name __ |
                                                                                |
                                                                                |
                                                                                |
                                                                                |
                                                                                |
                                                                                |
                                                                                |
                                                                                |
                                                                                |
                                                                                |
                                                                                |
                                                                                |
                                                                                |
                                                                                |
                                                                                |
                                                                                |
────────────────────────────────────────────────────────────────────────────────|
$ git cherry-pick other-branch                                                  |
styles_hash: e9f10e1b677b521d
