---
source: src/tests/rebase.rs
expression: ctx.redact_buffer()
---
▌On branch other-branch                                                         |
                                                                                |
 Recent commits                                                                 |
 _______ other-branch origin/main add initial-file                              |
                                                                                |
                                                                                |
                                                                                |
                                                                                |
                                                                                |
                                                                                |
                                                                                |
────────────────────────────────────────────────────────────────────────────────|
Rebase                  Arguments                                               |
a Rebase abort          -a Autosquash (--autosquash)                            |
c Rebase continue       -A Autostash (--autostash)                              |
e Rebase elsewhere      -d Lie about committer date (--committer-date-is-author-|
q/<esc> Quit/Close      -i Interactive (--interactive)                          |
                        -k Keep empty commits (--keep-empty)                    |
                        -h Disable hooks (--no-verify)                          |
                        -p Presere merges (--preserve-merges)                   |
styles_hash: 9effd61efa9f7ac2
