---
source: src/tests/push.rs
expression: ctx.redact_buffer()
---
▌On branch HEAD                                                                 |
                                                                                |
 Recent commits                                                                 |
 b66a0bf main origin/main add initial-file                                      |
                                                                                |
                                                                                |
                                                                                |
                                                                                |
                                                                                |
                                                                                |
                                                                                |
                                                                                |
                                                                                |
                                                                                |
────────────────────────────────────────────────────────────────────────────────|
Push                               Arguments                                    |
p error: Head is not a branch      -n Dry run (--dry-run)                       |
u error: Head is not a branch      -F Force (--force)                           |
e to elsewhere                     -f Force with lease (--force-with-lease)     |
q/<esc> Quit/Close                 -h Disable hooks (--no-verify)               |
styles_hash: 18ab2c30f676c031
