---
source: src/tests/push.rs
expression: ctx.redact_buffer()
---
▌No branch                                                                      |
                                                                                |
 Recent commits                                                                 |
 b66a0bf main origin/main add initial-file                                      |
                                                                                |
                                                                                |
                                                                                |
                                                                                |
                                                                                |
                                                                                |
                                                                                |
                                                                                |
                                                                                |
                                                                                |
────────────────────────────────────────────────────────────────────────────────|
Push                               Arguments                                    |
p error: Head is not a branch      -n Dry run (--dry-run)                       |
u error: Head is not a branch      -F Force (--force)                           |
e to elsewhere                     -f Force with lease (--force-with-lease)     |
q/esc Quit/Close                   -h Disable hooks (--no-verify)               |
styles_hash: 6f801176e12e4bfc
