---
source: src/tests/push.rs
expression: ctx.redact_buffer()
---
▌On branch main                                                                 |
                                                                                |
 Recent commits                                                                 |
 b66a0bf main origin/main add initial-file                                      |
                                                                                |
                                                                                |
                                                                                |
                                                                                |
                                                                                |
                                                                                |
                                                                                |
                                                                                |
                                                                                |
                                                                                |
                                                                                |
                                                                                |
                                                                                |
                                                                                |
────────────────────────────────────────────────────────────────────────────────|
? Set upstream then push: ›                                                     |
styles_hash: 6165a658809718f7
