---
source: src/tests/discard.rs
expression: ctx.redact_buffer()
---
 Branches                                                                       |
▌  asd                                                                          |
 * main                                                                         |
                                                                                |
 Remote origin                                                                  |
   origin/HEAD                                                                  |
   origin/main                                                                  |
                                                                                |
                                                                                |
                                                                                |
                                                                                |
                                                                                |
                                                                                |
                                                                                |
                                                                                |
                                                                                |
                                                                                |
                                                                                |
────────────────────────────────────────────────────────────────────────────────|
? Really discard? (y or n) › █                                                  |
styles_hash: c2658d4c1ac2535f
