---
source: src/tests/rebase.rs
expression: ctx.redact_buffer()
---
▌On branch other-branch                                                         |
                                                                                |
 Recent commits                                                                 |
 b66a0bf other-branch origin/main add initial-file                              |
                                                                                |
                                                                                |
                                                                                |
                                                                                |
                                                                                |
                                                                                |
                                                                                |
────────────────────────────────────────────────────────────────────────────────|
Rebase                  Arguments                                               |
a abort                 -a Autosquash (--autosquash)                            |
c continue              -A Autostash (--autostash)                              |
e onto elsewhere        -d Lie about committer date (--committer-date-is-author-|
q/<esc> Quit/Close      -i Interactive (--interactive)                          |
                        -k Keep empty commits (--keep-empty)                    |
                        -h Disable hooks (--no-verify)                          |
                        -p Preserve merges (--preserve-merges)                  |
styles_hash: c456a01c0e45182a
