---
source: src/tests/log.rs
expression: ctx.redact_buffer()
---
▌On branch main                                                                 |
▌Your branch is ahead of 'origin/main' by 3 commit(s).                          |
                                                                                |
 Recent commits                                                                 |
 8bb5532 main Author Name add first commit                                      |
 6c08cf7 Author Name add second commit                                          |
 79e63f1 Author Name add third commit                                           |
 b66a0bf origin/main Author Name add initial-file                               |
                                                                                |
                                                                                |
                                                                                |
                                                                                |
                                                                                |
                                                                                |
                                                                                |
                                                                                |
                                                                                |
                                                                                |
────────────────────────────────────────────────────────────────────────────────|
! Couldn't find git revision: failed to parse revision specifier - Invalid patte|
styles_hash: f20526cee8ed3a79
