---
source: src/tests/mod.rs
expression: ctx.redact_buffer()
---
 Branches                                                                       |
▌* main                                                                         |
                                                                                |
 Remote origin                                                                  |
   origin/HEAD                                                                  |
   origin/main                                                                  |
                                                                                |
                                                                                |
                                                                                |
                                                                                |
                                                                                |
                                                                                |
                                                                                |
                                                                                |
                                                                                |
                                                                                |
                                                                                |
────────────────────────────────────────────────────────────────────────────────|
$ git branch -D unmerged-branch                                                 |
Deleted branch unmerged-branch (was f91eb49).                                   |
styles_hash: cc36604a6419da11
