---
source: src/tests/log.rs
expression: ctx.redact_buffer()
---
 _______ main add first commit                                                  |
▌_______ add second commit                                                      |
 _______ add third commit                                                       |
 _______ origin/main add initial-file                                           |
                                                                                |
                                                                                |
                                                                                |
                                                                                |
                                                                                |
                                                                                |
                                                                                |
                                                                                |
                                                                                |
                                                                                |
                                                                                |
                                                                                |
                                                                                |
                                                                                |
────────────────────────────────────────────────────────────────────────────────|
? Log rev (default ________________________________________): ›                 |
styles_hash: b9fd13286ebd29fe
