---
source: src/tests/mod.rs
expression: ctx.redact_buffer()
---
 Branches                                                                       |
 * hi                                                                           |
▌  main   origin/main                                                           |
                                                                                |
                                                                                |
                                                                                |
                                                                                |
                                                                                |
                                                                                |
                                                                                |
                                                                                |
                                                                                |
                                                                                |
                                                                                |
                                                                                |
                                                                                |
                                                                                |
────────────────────────────────────────────────────────────────────────────────|
$ git checkout hi                                                               |
Switched to branch 'hi'                                                         |
styles_hash: e2323031ce58c243
