---
source: src/tests/mod.rs
expression: ctx.redact_buffer()
---
▌On branch main                                                                 |
▌Your branch is up to date with 'origin/main'.                                  |
                                                                                |
 Recent commits                                                                 |
 _______ main origin/main add remote-file                                       |
 _______ add initial-file                                                       |
────────────────────────────────────────────────────────────────────────────────|
$ git pull                                                                      |
From                                                                            |
   _______.._______  main       -> origin/main                                  |
styles_hash: d924df8a7ea8abb8
