---
source: src/tests/mod.rs
expression: ctx.redact_buffer()
---
▌On branch main                                                                 |
▌Your branch is ahead of 'origin/main' by 1 commit(s).                          |
                                                                                |
 Unstaged changes (1)                                                           |
 modified   crlf.txt                                                            |
 @@ -1,2 +1,2 @@                                                                |
  unchanged                                                                     |
 -unchanged                                                                     |
 +changed                                                                       |
                                                                                |
 Recent commits                                                                 |
 13d662a main add crlf.txt                                                      |
 b66a0bf origin/main add initial-file                                           |
                                                                                |
                                                                                |
                                                                                |
                                                                                |
                                                                                |
                                                                                |
                                                                                |
styles_hash: 75c0c0779835909d
