---
source: src/tests/commit.rs
expression: ctx.redact_buffer()
---
 On branch main                                                                 |
                                                                                |
 Unstaged changes (1)                                                           |
 modified   instant_fixup.txt                                                   |
 @@ -1 +1 @@                                                                    |
 -fixed                                                                         |
 +unstaged                                                                      |
                                                                                |
 Recent commits                                                                 |
 77cc537 main empty commit                                                      |
 108474f modify instant_fixup.txt                                               |
────────────────────────────────────────────────────────────────────────────────|
$ git commit --fixup b6eadadbf0b746c00135b317fab80d9801c2d7bb                   |
[main c0f1150] fixup! modify instant_fixup.txt                                  |
 Author: Author Name <author@email.com>                                         |
 1 file changed, 1 insertion(+), 1 deletion(-)                                  |
$ git rebase --autostash --keep-empty --autosquash b6eadadbf0b746c00135b317fab80|
Rebasing (2/3)Rebasing (3/3)Applied autostash.                                |
[KSuccessfully rebased and updated refs/heads/main.                           |
Created autostash: bc5bcfb                                                      |
styles_hash: 47d1ffca88cf40e0
