---
source: src/tests/mod.rs
expression: ctx.redact_buffer()
---
▌Rebasing other-branch onto main                                                |
                                                                                |
 Untracked files                                                                |
 new-file                                                                       |
                                                                                |
 Unstaged changes (1)                                                           |
 modified   new-file…                                                           |
                                                                                |
 Staged changes (1)                                                             |
 deleted    new-file…                                                           |
                                                                                |
 Recent commits                                                                 |
 ed5ed59 main modify new-file                                                   |
 46c81ca add new-file                                                           |
 b66a0bf origin/main add initial-file                                           |
                                                                                |
                                                                                |
                                                                                |
                                                                                |
                                                                                |
styles_hash: ff63c173e9d7a827
