---
source: src/tests/pull.rs
expression: ctx.redact_buffer()
---
▌On branch new-branch                                                           |
                                                                                |
 Recent commits                                                                 |
 b66a0bf main new-branch origin/main add initial-file                           |
                                                                                |
                                                                                |
                                                                                |
                                                                                |
                                                                                |
                                                                                |
                                                                                |
                                                                                |
                                                                                |
                                                                                |
                                                                                |
                                                                                |
                                                                                |
                                                                                |
────────────────────────────────────────────────────────────────────────────────|
? Set upstream then pull: ›                                                     |
styles_hash: 65b6f0066821e325
