---
source: src/tests/mod.rs
expression: ctx.redact_buffer()
---
▌Reverting 57409cb                                                              |
                                                                                |
 Unmerged                                                                       |
 new-file                                                                       |
                                                                                |
 Unstaged changes (1)                                                           |
 conflicted   new-file…                                                         |
                                                                                |
 Staged changes (1)                                                             |
 conflicted   new-file…                                                         |
                                                                                |
 Recent commits                                                                 |
 7294ba4 main modify new-file                                                   |
 57409cb add new-file                                                           |
 b66a0bf origin/main add initial-file                                           |
                                                                                |
                                                                                |
                                                                                |
                                                                                |
                                                                                |
styles_hash: ff63c173e9d7a827
