---
source: src/tests/mod.rs
expression: ctx.redact_buffer()
---
▌On branch x                                                                    |
                                                                                |
 Recent commits                                                                 |
 _______ main x origin/main add initial-file                                    |
                                                                                |
                                                                                |
                                                                                |
────────────────────────────────────────────────────────────────────────────────|
$ git checkout -b x                                                             |
Switched to a new branch 'x'                                                    |
styles_hash: 810634eb51bef769
