---
source: src/tests/mod.rs
expression: ctx.redact_buffer()
---
▌On branch main                                                                 |
▌Your branch is ahead of 'origin/main' by 1 commit(s).                          |
                                                                                |
 Unstaged changes (1)                                                           |
 added      copied-file…                                                        |
                                                                                |
 Recent commits                                                                 |
 b00a756 main Author Name add new-file                                          |
 b66a0bf origin/main Author Name add initial-file                               |
                                                                                |
                                                                                |
                                                                                |
                                                                                |
                                                                                |
                                                                                |
                                                                                |
                                                                                |
                                                                                |
                                                                                |
                                                                                |
styles_hash: 3611ae755e157328
