---
source: src/tests/mod.rs
expression: ctx.redact_buffer()
---
 On branch main                                                                 |
                                                                                |
 Unstaged changes (1)                                                           |
 modified   firstfile                                                           |
 @@ -1,3 +1,2 @@                                                                |
 -testing                                                                       |
 -testtest                                                                      |
  weehooo                                                                       |
▌+blrergh                                                                       |
                                                                                |
 Staged changes (1)                                                             |
 modified   firstfile                                                           |
 @@ -1,2 +1,3 @@                                                                |
  testing                                                                       |
  testtest                                                                      |
 +weehooo                                                                       |
                                                                                |
 Recent commits                                                                 |
────────────────────────────────────────────────────────────────────────────────|
$ git apply --cached --recount                                                  |
styles_hash: d7cb47a328ccffa7
