---
source: src/tests/mod.rs
expression: ctx.redact_buffer()
---
 Branches                                                                       |
▌* main                                                                         |
   other-branch                                                                 |
                                                                                |
 Remote origin                                                                  |
   origin/HEAD                                                                  |
   origin/main                                                                  |
                                                                                |
                                                                                |
                                                                                |
                                                                                |
                                                                                |
                                                                                |
                                                                                |
────────────────────────────────────────────────────────────────────────────────|
Branch                                                                          |
b Checkout branch/revision                                                      |
c Checkout new branch                                                           |
x/D Delete branch                                                               |
q/<esc> Quit/Close                                                              |
styles_hash: 51d1c84fee5e1473
