---
source: src/tests/log.rs
expression: ctx.redact_buffer()
---
▌_______ add second commit                                                      |
 _______ add third commit                                                       |
 _______ origin/main add initial-file                                           |
                                                                                |
                                                                                |
                                                                                |
                                                                                |
                                                                                |
                                                                                |
                                                                                |
                                                                                |
                                                                                |
                                                                                |
                                                                                |
                                                                                |
                                                                                |
                                                                                |
                                                                                |
                                                                                |
                                                                                |
styles_hash: 99c011aa1629f1d
