---
source: src/tests/mod.rs
expression: ctx.redact_buffer()
---
▌Branches                                                                       |
▌* main                                                                         |
                                                                                |
 Remote origin                                                                  |
   origin/HEAD                                                                  |
   origin/main                                                                  |
                                                                                |
 Tags                                                                           |
   main                                                                         |
                                                                                |
                                                                                |
                                                                                |
                                                                                |
                                                                                |
                                                                                |
                                                                                |
                                                                                |
                                                                                |
                                                                                |
                                                                                |
styles_hash: fd8cb7fb62be808a
