---
source: src/tests/mod.rs
expression: ctx.redact_buffer()
---
▌Branches                                                                       |
▌? main                                                                         |
 Origin                                                                         |
   origin/HEAD                                                                  |
 ? origin/main                                                                  |
 Tags                                                                           |
 ? v1.0                                                                         |
                                                                                |
                                                                                |
                                                                                |
                                                                                |
                                                                                |
                                                                                |
                                                                                |
                                                                                |
                                                                                |
                                                                                |
                                                                                |
                                                                                |
                                                                                |
styles_hash: 9ddaab8a0cc618c3
