---
source: src/tests/reset.rs
expression: ctx.redact_buffer()
---
 ba1a85d main Author Name add unwanted-file                                     |
▌b66a0bf origin/main Author Name add initial-file                               |
                                                                                |
                                                                                |
                                                                                |
                                                                                |
                                                                                |
                                                                                |
                                                                                |
                                                                                |
                                                                                |
                                                                                |
                                                                                |
                                                                                |
────────────────────────────────────────────────────────────────────────────────|
 Reset                                                                          |
 s     soft                                                                     |
 m     mixed                                                                    |
 h     hard                                                                     |
 q/esc Quit/Close                                                               |
styles_hash: 2d383eb6622b059f
