---
source: src/tests/mod.rs
expression: ctx.redact_buffer()
---
▌On branch main                                                                 |
────────────────────────────────────────────────────────────────────────────────|
$ git pull                                                                      |
From                                                                            |
   _______.._______  main       -> origin/main                                  |
Updating _______.._______                                                       |
Fast-forward                                                                    |
 remote-file | 1 +                                                              |
 1 file changed, 1 insertion(+)                                                 |
 create mode 100644 remote-file                                                 |
styles_hash: 8e8cc922fc761888
