---
source: src/tests/mod.rs
expression: ctx.redact_buffer()
---
 Branches                                                                       |
▌* main   origin/main                                                           |
   other-branch                                                                 |
                                                                                |
                                                                                |
                                                                                |
                                                                                |
                                                                                |
                                                                                |
                                                                                |
                                                                                |
                                                                                |
                                                                                |
                                                                                |
                                                                                |
────────────────────────────────────────────────────────────────────────────────|
Branch                                                                          |
b Checkout branch/revision                                                      |
c Checkout new branch                                                           |
q/<esc> Quit/Close                                                              |
styles_hash: fea19a6a70bb7bc9
