---
source: src/tests/mod.rs
expression: ctx.redact_buffer()
---
▌On branch main                                                                 |
▌Your branch is ahead of 'origin/main' by 3 commit(s).                          |
                                                                                |
 Recent commits                                                                 |
 421fbe4 main add thirdfile                                      Author Name __ |
 0c2c6c3 add secondfile                                          Author Name __ |
                                                                                |
                                                                                |
                                                                                |
                                                                                |
                                                                                |
                                                                                |
                                                                                |
                                                                                |
                                                                                |
                                                                                |
                                                                                |
                                                                                |
                                                                                |
                                                                                |
styles_hash: 1c6aea3a56e79bf7
