---
source: src/tests/mod.rs
expression: ctx.redact_buffer()
---
▌b66a0bf main origin/main add initial-file                                      |
                                                                                |
                                                                                |
                                                                                |
                                                                                |
                                                                                |
                                                                                |
                                                                                |
                                                                                |
                                                                                |
                                                                                |
                                                                                |
                                                                                |
                                                                                |
                                                                                |
                                                                                |
                                                                                |
                                                                                |
────────────────────────────────────────────────────────────────────────────────|
? Revert commit (default b66a0bf82020d6a386e94d0fceedec1f817d20c7): ›           |
styles_hash: 78116180725b01d8
