---
source: src/tests/rebase.rs
expression: ctx.redact_buffer()
---
▌On branch other-branch                                                         |
                                                                                |
 Recent commits                                                                 |
 46c81ca main other-branch add new-file                                         |
 b66a0bf origin/main add initial-file                                           |
                                                                                |
                                                                                |
                                                                                |
                                                                                |
                                                                                |
                                                                                |
                                                                                |
                                                                                |
                                                                                |
                                                                                |
                                                                                |
                                                                                |
────────────────────────────────────────────────────────────────────────────────|
$ git rebase --autostash main                                                   |
Successfully rebased and updated refs/heads/other-branch.                       |
styles_hash: b7a28b018f24d4c7
