---
source: src/tests/mod.rs
expression: ctx.redact_buffer()
---
▌On branch main…                                                                |
                                                                                |
 Untracked files…                                                               |
                                                                                |
 Recent commits…                                                                |
                                                                                |
                                                                                |
                                                                                |
                                                                                |
                                                                                |
                                                                                |
                                                                                |
                                                                                |
                                                                                |
                                                                                |
                                                                                |
                                                                                |
                                                                                |
                                                                                |
                                                                                |
styles_hash: 887fd7e89f337304
