---
source: src/tests/mod.rs
expression: ctx.redact_buffer()
---
 On branch main                                                                 |
 Your branch is up to date with 'origin/main'.                                  |
                                                                                |
▌Staged changes (2)                                                             |
▌added   file-one…                                                              |
▌added   file-two                                                               |
▌@@ -0,0 +1 @@                                                                  |
▌+blahonga                                                                      |
                                                                                |
 Recent commits                                                                 |
 _______ main origin/main add initial-file                                      |
                                                                                |
                                                                                |
                                                                                |
                                                                                |
                                                                                |
                                                                                |
                                                                                |
────────────────────────────────────────────────────────────────────────────────|
! Cannot stash: working tree is empty                                           |
styles_hash: e729373ba41fd709
