---
source: src/tests/branch.rs
expression: ctx.redact_buffer()
---
▌On branch new                                                                  |
                                                                                |
 Recent commits                                                                 |
 b66a0bf main new origin/main add initial-file                                  |
                                                                                |
                                                                                |
                                                                                |
                                                                                |
                                                                                |
                                                                                |
                                                                                |
                                                                                |
                                                                                |
                                                                                |
                                                                                |
                                                                                |
                                                                                |
────────────────────────────────────────────────────────────────────────────────|
$ git checkout -b new                                                           |
Switched to a new branch 'new'                                                  |
styles_hash: fc716abcbd3de04a
