---
source: src/tests/mod.rs
expression: ctx.redact_buffer()
---
 On branch main                                                                 |
 Your branch is up to date with 'origin/main'.                                  |
                                                                                |
 Unstaged changes (1)                                                           |
 modified   testfile                                                            |
 @@ -1,2 +1,2 @@                                                                |
  test                                                                          |
 -testtest                                                                      |
▌+moretest                                                                      |
                                                                                |
 Staged changes (1)                                                             |
 added      testfile…                                                           |
                                                                                |
 Recent commits                                                                 |
 b66a0bf main origin/main Author Name add initial-file                          |
                                                                                |
                                                                                |
                                                                                |
                                                                                |
                                                                                |
styles_hash: c8d83e8480936c32
