---
source: src/tests/mod.rs
expression: ctx.redact_buffer()
---
 On branch main                                                                 |
                                                                                |
 Unstaged changes (1)                                                           |
 modified   firstfile                                                           |
 @@ -1 +1,2 @@                                                                  |
 +weehooo                                                                       |
  blrergh                                                                       |
                                                                                |
▌Staged changes (1)                                                             |
▌modified   firstfile                                                           |
▌@@ -1,2 +1 @@                                                                  |
▌-testing                                                                       |
▌-testtest                                                                      |
▌+blrergh                                                                       |
                                                                                |
 Recent commits                                                                 |
 _______ main add firstfile                                                     |
────────────────────────────────────────────────────────────────────────────────|
$ git apply --cached --reverse --recount                                        |
                                                                                |
styles_hash: 6129dd8d213084af
