---
source: src/tests/cherry_pick.rs
expression: ctx.redact_buffer()
---
▌b66a0bf main origin/main add initial-file                                      |
                                                                                |
                                                                                |
                                                                                |
                                                                                |
                                                                                |
                                                                                |
                                                                                |
                                                                                |
                                                                                |
                                                                                |
                                                                                |
                                                                                |
                                                                                |
                                                                                |
                                                                                |
                                                                                |
                                                                                |
────────────────────────────────────────────────────────────────────────────────|
? Cherry-pick commit (default main): › █                                        |
styles_hash: bee94fff2519b82b
