---
source: src/tests/mod.rs
expression: ctx.redact_buffer()
---
▌On branch main                                                                 |
▌Your branch is ahead of 'origin/main' by 1 commit.                             |
                                                                                |
 Recent commits                                                                 |
 _______ main add new-file                                                      |
 _______ origin/main add initial-file                                           |
────────────────────────────────────────────────────────────────────────────────|
Push                    Arguments                                               |
p Push                  -f --force-with-lease (off)                             |
q/<esc> Quit/Close                                                              |
styles_hash: de55c41a83e8481c
