---
source: src/tests/pull.rs
expression: ctx.redact_buffer()
---
▌On branch main                                                                 |
                                                                                |
 Recent commits                                                                 |
 b66a0bf main origin/main add initial-file                                      |
                                                                                |
                                                                                |
                                                                                |
                                                                                |
                                                                                |
                                                                                |
                                                                                |
                                                                                |
                                                                                |
                                                                                |
────────────────────────────────────────────────────────────────────────────────|
 Pull                             Arguments                                     |
 p     pushRemote, setting that   -r Rebase local commits (--rebase)            |
 u     upstream, setting that                                                   |
 e     from elsewhere                                                           |
 q/esc Cancel/Quit                                                              |
styles_hash: c5e18172f3d27bf5
