---
source: src/tests/mod.rs
expression: ctx.redact_buffer()
---
▌6324471 main Author Name Revert "add initial-file"                             |
 b66a0bf origin/main Author Name add initial-file                               |
                                                                                |
                                                                                |
                                                                                |
                                                                                |
                                                                                |
                                                                                |
                                                                                |
                                                                                |
                                                                                |
                                                                                |
                                                                                |
                                                                                |
                                                                                |
                                                                                |
                                                                                |
                                                                                |
────────────────────────────────────────────────────────────────────────────────|
$ git revert --edit --no-edit b66a0bf82020d6a386e94d0fceedec1f817d20c7          |
styles_hash: 373d59c2a072c98e
