---
source: src/tests/discard.rs
expression: ctx.redact_buffer()
---
 Branches                                                                       |
▌  asd                                                                          |
 * main                                                                         |
                                                                                |
 Remote origin                                                                  |
   origin/HEAD                                                                  |
   origin/main                                                                  |
                                                                                |
                                                                                |
                                                                                |
                                                                                |
                                                                                |
                                                                                |
                                                                                |
                                                                                |
                                                                                |
                                                                                |
                                                                                |
                                                                                |
                                                                                |
styles_hash: 2dcdd2c93f7b7c45
