---
source: src/tests/mod.rs
expression: ctx.redact_buffer()
---
▌No branch                                                                      |
                                                                                |
 Recent commits                                                                 |
                                                                                |
                                                                                |
                                                                                |
────────────────────────────────────────────────────────────────────────────────|
Help                              Submenu                                       |
Y Show refs                       b Branch                                      |
<tab> Toggle section              c Commit                                      |
k/<up> Up                         f Fetch                                       |
j/<down> Down                     h Help                                        |
<ctrl+k>/<ctrl+up> Up line        l Log                                         |
<ctrl+j>/<ctrl+down> Down line    F Pull                                        |
<alt+k>/<alt+up> Prev section     P Push                                        |
<alt+j>/<alt+down> Next section   r Rebase                                      |
<ctrl+u> Half page up             X Reset                                       |
<ctrl+d> Half page down           V Revert                                      |
g Refresh                         z Stash                                       |
q/<esc> Quit/Close                                                              |
styles_hash: 86d28ec74971a2b3
