---
source: src/tests/mod.rs
expression: ctx.redact_buffer()
---
▌On branch main                                                                 |
▌Your branch is up to date with 'origin/main'.                                  |
                                                                                |
 Staged changes (1)                                                             |
 added   file-one…                                                              |
                                                                                |
 Stashes                                                                        |
 stash@0 On main: file-two                                                      |
                                                                                |
 Recent commits                                                                 |
 _______ main origin/main add initial-file                                      |
                                                                                |
                                                                                |
                                                                                |
                                                                                |
                                                                                |
                                                                                |
                                                                                |
────────────────────────────────────────────────────────────────────────────────|
$ git stash pop 1                                                               |
styles_hash: ed1d8470a3b89318
