---
source: src/tests/mod.rs
expression: ctx.redact_buffer()
---
▌6324471 main Revert "add initial-file"                                         |
 b66a0bf origin/main add initial-file                                           |
                                                                                |
                                                                                |
                                                                                |
                                                                                |
                                                                                |
                                                                                |
                                                                                |
                                                                                |
                                                                                |
                                                                                |
                                                                                |
                                                                                |
                                                                                |
                                                                                |
                                                                                |
                                                                                |
────────────────────────────────────────────────────────────────────────────────|
$ git revert b66a0bf82020d6a386e94d0fceedec1f817d20c7                           |
styles_hash: b8c40dcdc41cf963
