---
source: src/tests/pull.rs
expression: ctx.redact_buffer()
---
▌On branch main                                                                 |
▌Your branch is up to date with 'origin/main'.                                  |
                                                                                |
 Recent commits                                                                 |
 b66a0bf main origin/main add initial-file                                      |
                                                                                |
                                                                                |
                                                                                |
                                                                                |
                                                                                |
                                                                                |
                                                                                |
                                                                                |
                                                                                |
────────────────────────────────────────────────────────────────────────────────|
$ git pull origin refs/heads/main                                               |
From                                                                            |
 * branch            main       -> FETCH_HEAD                                   |
Already up to date.                                                             |
pull completed: From                * branch            main       -> FETCH_HEAD|
styles_hash: f0b8e5310628f604
