---
source: src/tests/discard.rs
expression: ctx.redact_buffer()
---
 On branch main                                                                 |
 Your branch is ahead of 'origin/main' by 1 commit(s).                          |
                                                                                |
 Recent commits                                                                 |
 4f3ed19 main Author Name add file-one                                          |
▌b66a0bf origin/main Author Name add initial-file                               |
                                                                                |
                                                                                |
                                                                                |
                                                                                |
                                                                                |
                                                                                |
                                                                                |
                                                                                |
                                                                                |
                                                                                |
                                                                                |
                                                                                |
────────────────────────────────────────────────────────────────────────────────|
$ git apply --reverse --recount                                                 |
styles_hash: 9c1f128e96d75bd
