---
source: src/tests/mod.rs
expression: ctx.redact_buffer()
---
 No branch                                                                      |
                                                                                |
 Untracked files                                                                |
▌a                                                                              |
                                                                                |
 Staged changes (1)                                                             |
 added      b                                                                   |
 @@ -0,0 +1 @@                                                                  |
 +test                                                                          |
                                                                                |
 Recent commits                                                                 |
                                                                                |
                                                                                |
                                                                                |
                                                                                |
                                                                                |
                                                                                |
                                                                                |
                                                                                |
                                                                                |
styles_hash: 622ae95542f426ad
