---
source: src/tests/mod.rs
expression: ctx.redact_buffer()
---
 Branches                                                                       |
▌* main                                                                         |
   other-branch                                                                 |
 Origin                                                                         |
   origin/HEAD                                                                  |
   origin/main                                                                  |
 Tags                                                                           |
                                                                                |
                                                                                |
                                                                                |
                                                                                |
                                                                                |
                                                                                |
                                                                                |
                                                                                |
────────────────────────────────────────────────────────────────────────────────|
Branch                                                                          |
b Checkout branch/revision                                                      |
c Checkout new branch                                                           |
q/<esc> Quit/Close                                                              |
styles_hash: ad468657cc5f658c
