---
source: src/tests/pull.rs
expression: ctx.redact_buffer()
---
▌On branch new-branch                                                           |
▌Your branch is up to date with 'main'.                                         |
                                                                                |
 Recent commits                                                                 |
 b66a0bf main new-branch origin/main add initial-file                           |
                                                                                |
                                                                                |
                                                                                |
                                                                                |
                                                                                |
                                                                                |
                                                                                |
                                                                                |
                                                                                |
────────────────────────────────────────────────────────────────────────────────|
 Pull                            Arguments                                      |
 p pushRemote, setting that      -r Rebase local commits (--rebase)             |
 u from main                                                                    |
 e from elsewhere                                                               |
 q/esc Cancel/Quit                                                              |
styles_hash: 596dee06411c0ed2
