---
source: src/tests/mod.rs
expression: ctx.redact_buffer()
---
 Your branch is ahead of 'origin/main' by 1 commit.                             |
                                                                                |
 Recent commits                                                                 |
 _______ main add file-one                                                      |
▌_______ origin/main add initial-file                                           |
                                                                                |
                                                                                |
                                                                                |
────────────────────────────────────────────────────────────────────────────────|
$ git apply --reverse                                                           |
styles_hash: 3e2e2a3262567be4
