---
source: src/tests/mod.rs
expression: ctx.redact_buffer()
---
 Branches                                                                       |
   main   origin/main                                                           |
▌* other-branch                                                                 |
                                                                                |
                                                                                |
                                                                                |
                                                                                |
────────────────────────────────────────────────────────────────────────────────|
$ git checkout other-branch                                                     |
Switched to branch 'other-branch'                                               |
styles_hash: fb57fc31c7be43d1
