---
source: src/tests/cherry_pick.rs
expression: ctx.redact_buffer()
---
▌b9ef0d7 main other-branch add cherry-file                                      |
 b66a0bf origin/main add initial-file                                           |
                                                                                |
                                                                                |
                                                                                |
                                                                                |
                                                                                |
                                                                                |
                                                                                |
                                                                                |
                                                                                |
                                                                                |
                                                                                |
                                                                                |
                                                                                |
                                                                                |
                                                                                |
                                                                                |
────────────────────────────────────────────────────────────────────────────────|
$ git cherry-pick other-branch                                                  |
styles_hash: f3a37ee58f76a6c1
