---
source: src/tests/discard.rs
expression: ctx.redact_buffer()
---
 Branches                                                                       |
▌* main                                                                         |
 Origin                                                                         |
   origin/HEAD                                                                  |
   origin/main                                                                  |
 Tags                                                                           |
                                                                                |
                                                                                |
                                                                                |
                                                                                |
                                                                                |
                                                                                |
                                                                                |
                                                                                |
                                                                                |
                                                                                |
                                                                                |
────────────────────────────────────────────────────────────────────────────────|
$ git branch -d asd                                                             |
Deleted branch asd (was _______).                                               |
styles_hash: a3b488482210d33
