---
source: src/tests/mod.rs
expression: ctx.redact_buffer()
---
▌Branches                                                                       |
▌? main                                                                         |
                                                                                |
 Remote origin                                                                  |
   origin/HEAD                                                                  |
 ? origin/main                                                                  |
                                                                                |
 Tags                                                                           |
 ? v1.0                                                                         |
                                                                                |
                                                                                |
                                                                                |
                                                                                |
                                                                                |
                                                                                |
                                                                                |
                                                                                |
                                                                                |
                                                                                |
                                                                                |
styles_hash: 6814955082265cab
