---
source: src/tests/mod.rs
expression: ctx.redact_buffer()
---
▌On branch main                                                                 |
▌Your branch is ahead of 'origin/main' by 1 commit.                             |
                                                                                |
 Recent commits                                                                 |
────────────────────────────────────────────────────────────────────────────────|
Push                    Arguments                                               |
p Push                  -n Dry run (--dry-run)                                  |
q/<esc> Quit/Close      -F Force (--force)                                      |
                        -f Force with lease (--force-with-lease)                |
                        -h Disable hooks (--no-verify)                          |
styles_hash: 9d7dcd8ec357bbdc
