---
source: src/tests/branch.rs
expression: ctx.redact_buffer()
---
▌On branch main-rename                                                          |
▌Your branch is up to date with 'origin/main'.                                  |
                                                                                |
 Recent commits                                                                 |
 b66a0bf main-rename origin/main add initial-file                               |
                                                                                |
                                                                                |
                                                                                |
                                                                                |
                                                                                |
                                                                                |
                                                                                |
                                                                                |
                                                                                |
                                                                                |
                                                                                |
                                                                                |
                                                                                |
────────────────────────────────────────────────────────────────────────────────|
$ git branch -m main main-rename                                                |
styles_hash: ea8b06a9b8042d62
