---
source: src/tests/mod.rs
expression: ctx.redact_buffer()
---
▌On branch main                                                                 |
▌Your branch is ahead of 'origin/main' by 2 commit(s).                          |
                                                                                |
 Recent commits                                                                 |
 7294ba4 main Author Name modify new-file                                       |
 57409cb Author Name add new-file                                               |
 b66a0bf origin/main Author Name add initial-file                               |
                                                                                |
                                                                                |
                                                                                |
                                                                                |
                                                                                |
                                                                                |
                                                                                |
                                                                                |
                                                                                |
                                                                                |
                                                                                |
────────────────────────────────────────────────────────────────────────────────|
$ git revert --abort                                                            |
styles_hash: 544f7cf77a9fb63e
