---
source: src/tests/mod.rs
expression: ctx.redact_buffer()
---
▌No branch                                                                      |
                                                                                |
 Recent commits                                                                 |
                                                                                |
                                                                                |
                                                                                |
                                                                                |
────────────────────────────────────────────────────────────────────────────────|
Help                             Submenu                                        |
Y Show refs                      b Branch                                       |
<tab> Toggle section             c Commit                                       |
k/<up> Up                        f Fetch                                        |
j/<down> Down                    h Help                                         |
<ctrl+k>/<ctrl+up> Up line       l Log                                          |
<ctrl+j>/<ctrl+down> Down line   F Pull                                         |
<ctrl+u> Half page up            P Push                                         |
<ctrl+d> Half page down          r Rebase                                       |
g Refresh                        X Reset                                        |
q/<esc> Quit/Close               V Revert                                       |
                                 z Stash                                        |
styles_hash: d8194eac0470cf93
