---
source: src/tests/push.rs
expression: ctx.redact_buffer()
---
▌On branch new-branch                                                           |
                                                                                |
 Recent commits                                                                 |
 e7eb2bd new-branch add new-file                                                |
 b66a0bf main origin/main add initial-file                                      |
                                                                                |
                                                                                |
                                                                                |
                                                                                |
                                                                                |
                                                                                |
                                                                                |
                                                                                |
                                                                                |
                                                                                |
                                                                                |
                                                                                |
────────────────────────────────────────────────────────────────────────────────|
$ git branch --set-upstream-to new-branch                                       |
warning: not setting branch 'new-branch' as its own upstream                    |
styles_hash: 9cde3208c7a1e5fe
