---
source: src/tests/log.rs
expression: ctx.redact_buffer()
---
▌8bb5532 main Author Name add first commit                                      |
 6c08cf7 Author Name add second commit                                          |
                                                                                |
                                                                                |
                                                                                |
                                                                                |
                                                                                |
                                                                                |
                                                                                |
                                                                                |
                                                                                |
                                                                                |
                                                                                |
                                                                                |
                                                                                |
                                                                                |
                                                                                |
                                                                                |
                                                                                |
                                                                                |
styles_hash: 23a4e5c4fc1c9845
