---
source: src/tests/pull.rs
expression: ctx.redact_buffer()
---
▌On branch main                                                                 |
                                                                                |
 Recent commits                                                                 |
 b66a0bf main origin/main add initial-file                                      |
                                                                                |
                                                                                |
                                                                                |
                                                                                |
                                                                                |
                                                                                |
                                                                                |
                                                                                |
                                                                                |
                                                                                |
────────────────────────────────────────────────────────────────────────────────|
Pull                            Arguments                                       |
p pushRemote, setting that      -r Rebase local commits (--rebase)              |
u upstream, setting that                                                        |
e from elsewhere                                                                |
q/esc Quit/Close                                                                |
styles_hash: 9ca8480d57b593bd
