---
source: src/tests/branch.rs
expression: ctx.redact_buffer()
---
▌On branch main                                                                 |
▌Your branch is up to date with 'origin/main'.                                  |
                                                                                |
 Recent commits                                                                 |
 b66a0bf main merged origin/main add initial-file                               |
                                                                                |
                                                                                |
                                                                                |
                                                                                |
                                                                                |
                                                                                |
────────────────────────────────────────────────────────────────────────────────|
Branch                                                                          |
b Checkout branch/revision                                                      |
c Checkout new branch                                                           |
s Spinoff branch                                                                |
K Delete branch                                                                 |
q/esc Quit/Close                                                                |
────────────────────────────────────────────────────────────────────────────────|
! Cannot spin off unmerged. It already exists                                   |
styles_hash: 3c3c4182f48eccb6
