---
source: src/tests/mod.rs
expression: ctx.redact_buffer()
---
▌Branches                                                                       |
▌? main                                                                         |
                                                                                |
 Remote origin                                                                  |
   origin/HEAD                                                                  |
 ? origin/main                                                                  |
                                                                                |
                                                                                |
                                                                                |
                                                                                |
                                                                                |
                                                                                |
                                                                                |
                                                                                |
                                                                                |
                                                                                |
                                                                                |
                                                                                |
                                                                                |
                                                                                |
styles_hash: c34389d771bd369f
