---
source: src/tests/discard.rs
expression: ctx.redact_buffer()
---
 Branches                                                                       |
 * main                                                                         |
▌  unmerged                                                                     |
                                                                                |
 Remote origin                                                                  |
   origin/HEAD                                                                  |
   origin/main                                                                  |
                                                                                |
                                                                                |
                                                                                |
                                                                                |
                                                                                |
                                                                                |
                                                                                |
                                                                                |
                                                                                |
                                                                                |
────────────────────────────────────────────────────────────────────────────────|
$ git branch -d merged                                                          |
Deleted branch merged (was b66a0bf).                                            |
styles_hash: c539b5ae11a5ed33
