---
source: src/tests/mod.rs
expression: ctx.redact_buffer()
---
▌Branches                                                                       |
▌  main   origin/main                                                           |
▌* same-name                                                                    |
                                                                                |
                                                                                |
                                                                                |
                                                                                |
                                                                                |
                                                                                |
                                                                                |
                                                                                |
                                                                                |
                                                                                |
                                                                                |
                                                                                |
                                                                                |
                                                                                |
                                                                                |
                                                                                |
                                                                                |
styles_hash: 3d8b9c9a52cc477d
