---
source: src/tests/branch.rs
expression: ctx.redact_buffer()
---
▌On branch new                                                                  |
                                                                                |
 Recent commits                                                                 |
 b66a0bf main merged new origin/main add initial-file                           |
                                                                                |
                                                                                |
                                                                                |
                                                                                |
                                                                                |
                                                                                |
                                                                                |
                                                                                |
                                                                                |
                                                                                |
                                                                                |
                                                                                |
────────────────────────────────────────────────────────────────────────────────|
$ git checkout -b new                                                           |
Switched to a new branch 'new'                                                  |
> Branch main not changed                                                       |
styles_hash: efbf6fb7f3e7fef3
