---
source: src/tests/merge.rs
expression: ctx.redact_buffer()
---
 On branch main                                                                 |
 Your branch is up to date with 'origin/main'.                                  |
                                                                                |
 Recent commits                                                                 |
 b66a0bf main origin/main add initial-file                                      |
                                                                                |
                                                                                |
                                                                                |
────────────────────────────────────────────────────────────────────────────────|
 7/7   Merge › █                                                                |
▌bugfix-123                                                                     |
 feature-a                                                                      |
 feature-b                                                                      |
 origin/HEAD                                                                    |
 origin/main                                                                    |
 v1.0.0                                                                         |
 v2.0.0                                                                         |
                                                                                |
                                                                                |
                                                                                |
styles_hash: 16f8dd2fc9f8bc2f
