---
source: src/tests/pull.rs
expression: ctx.redact_buffer()
---
▌On branch new-branch                                                           |
                                                                                |
 Recent commits                                                                 |
 b66a0bf main new-branch origin/main add initial-file                           |
                                                                                |
                                                                                |
                                                                                |
                                                                                |
                                                                                |
                                                                                |
                                                                                |
                                                                                |
                                                                                |
                                                                                |
                                                                                |
                                                                                |
                                                                                |
────────────────────────────────────────────────────────────────────────────────|
$ git branch --set-upstream-to new-branch                                       |
warning: not setting branch 'new-branch' as its own upstream                    |
styles_hash: 279b7bfb84f655f4
