---
source: src/tests/mod.rs
expression: ctx.redact_buffer()
---
▌On branch main                                                                 |
▌Your branch is up to date with 'origin/main'.                                  |
                                                                                |
────────────────────────────────────────────────────────────────────────────────|
 Help                              Submenu      On branch main                  |
 Y                Show Refs        b   Branch   tab Fold                        |
 k/up             Up               c   Commit                                   |
 j/down           Down             f   Fetch                                    |
 ctrl+k/ctrl+up   Up line          h/? Help                                     |
 ctrl+j/ctrl+down Down line        l   Log                                      |
 alt+k/alt+up     Prev section     m   Merge                                    |
 alt+j/alt+down   Next section     M   Remote                                   |
 alt+h/alt+left   Parent section   F   Pull                                     |
 ctrl+u           Half page up     P   Push                                     |
 ctrl+d           Half page down   r   Rebase                                   |
 /                Search           X   Reset                                    |
 n                Next match       V   Revert                                   |
 N                Previous match   z   Stash                                    |
 g                Refresh                                                       |
 q/esc            Cancel/Quit                                                   |
styles_hash: b8b4cca08833a35a
