---
source: tests/mod.rs
expression: ctx.redact_buffer()
---
Buffer {
    area: Rect { x: 0, y: 0, width: 60, height: 10 },
    content: [
        " Branches                                                   ",
        "🢒* main   origin/main                                       ",
        "                                                            ",
        "                                                            ",
        "                                                            ",
        "                                                            ",
        "                                                            ",
        "                                                            ",
        "────────────────────────────────────────────────────────────",
        "? Really discard? (y or n) ›                                ",
    ],
    styles: [
        x: 0, y: 0, fg: Reset, bg: Reset, underline: Reset, modifier: NONE,
        x: 1, y: 0, fg: Yellow, bg: Reset, underline: Reset, modifier: NONE,
        x: 0, y: 1, fg: Reset, bg: Reset, underline: Reset, modifier: BOLD,
        x: 3, y: 1, fg: Green, bg: Reset, underline: Reset, modifier: BOLD,
        x: 7, y: 1, fg: Reset, bg: Reset, underline: Reset, modifier: BOLD,
        x: 10, y: 1, fg: Red, bg: Reset, underline: Reset, modifier: BOLD,
        x: 21, y: 1, fg: Reset, bg: Reset, underline: Reset, modifier: BOLD,
        x: 0, y: 2, fg: Reset, bg: Reset, underline: Reset, modifier: NONE,
        x: 0, y: 8, fg: Reset, bg: Reset, underline: Reset, modifier: DIM,
        x: 0, y: 9, fg: Cyan, bg: Reset, underline: Reset, modifier: NONE,
        x: 1, y: 9, fg: Reset, bg: Reset, underline: Reset, modifier: NONE,
        x: 2, y: 9, fg: Reset, bg: Reset, underline: Reset, modifier: BOLD,
        x: 26, y: 9, fg: Cyan, bg: Reset, underline: Reset, modifier: DIM,
        x: 29, y: 9, fg: Reset, bg: Reset, underline: Reset, modifier: NONE,
    ]
}
