---
source: tests/mod.rs
expression: ctx.redact_buffer()
---
Buffer {
    area: Rect { x: 0, y: 0, width: 60, height: 20 },
    content: [
        "🢒No branch                                                  ",
        "                                                            ",
        " Recent commits                                             ",
        "                                                            ",
        "                                                            ",
        "                                                            ",
        "                                                            ",
        "                                                            ",
        "────────────────────────────────────────────────────────────",
        "Help                  Submenu                               ",
        "g Refresh             h Help                                ",
        "tab ToggleSection     b Branch                              ",
        "k p ↑ SelectPrevious  c Commit                              ",
        "j n ↓ SelectNext      f Fetch                               ",
        "C-u HalfPageUp        l Log                                 ",
        "C-d HalfPageDown      F Pull                                ",
        "y ShowRefs            P Push                                ",
        "                      r Rebase                              ",
        "                      x Reset                               ",
        "                      K Discard                             ",
    ],
    styles: [
        x: 0, y: 0, fg: Reset, bg: Reset, underline: Reset, modifier: BOLD,
        x: 1, y: 0, fg: Yellow, bg: Reset, underline: Reset, modifier: BOLD,
        x: 10, y: 0, fg: Reset, bg: Reset, underline: Reset, modifier: BOLD,
        x: 0, y: 1, fg: Reset, bg: Reset, underline: Reset, modifier: NONE,
        x: 1, y: 2, fg: Yellow, bg: Reset, underline: Reset, modifier: NONE,
        x: 15, y: 2, fg: Reset, bg: Reset, underline: Reset, modifier: NONE,
        x: 0, y: 8, fg: Reset, bg: Reset, underline: Reset, modifier: DIM,
        x: 0, y: 9, fg: Blue, bg: Reset, underline: Reset, modifier: BOLD,
        x: 21, y: 9, fg: Reset, bg: Reset, underline: Reset, modifier: NONE,
        x: 22, y: 9, fg: Blue, bg: Reset, underline: Reset, modifier: BOLD,
        x: 34, y: 9, fg: Reset, bg: Reset, underline: Reset, modifier: NONE,
        x: 0, y: 10, fg: Magenta, bg: Reset, underline: Reset, modifier: NONE,
        x: 1, y: 10, fg: Reset, bg: Reset, underline: Reset, modifier: NONE,
        x: 22, y: 10, fg: Magenta, bg: Reset, underline: Reset, modifier: NONE,
        x: 23, y: 10, fg: Reset, bg: Reset, underline: Reset, modifier: NONE,
        x: 0, y: 11, fg: Magenta, bg: Reset, underline: Reset, modifier: NONE,
        x: 3, y: 11, fg: Reset, bg: Reset, underline: Reset, modifier: NONE,
        x: 22, y: 11, fg: Magenta, bg: Reset, underline: Reset, modifier: NONE,
        x: 23, y: 11, fg: Reset, bg: Reset, underline: Reset, modifier: NONE,
        x: 0, y: 12, fg: Magenta, bg: Reset, underline: Reset, modifier: NONE,
        x: 5, y: 12, fg: Reset, bg: Reset, underline: Reset, modifier: NONE,
        x: 22, y: 12, fg: Magenta, bg: Reset, underline: Reset, modifier: NONE,
        x: 23, y: 12, fg: Reset, bg: Reset, underline: Reset, modifier: NONE,
        x: 0, y: 13, fg: Magenta, bg: Reset, underline: Reset, modifier: NONE,
        x: 5, y: 13, fg: Reset, bg: Reset, underline: Reset, modifier: NONE,
        x: 22, y: 13, fg: Magenta, bg: Reset, underline: Reset, modifier: NONE,
        x: 23, y: 13, fg: Reset, bg: Reset, underline: Reset, modifier: NONE,
        x: 0, y: 14, fg: Magenta, bg: Reset, underline: Reset, modifier: NONE,
        x: 3, y: 14, fg: Reset, bg: Reset, underline: Reset, modifier: NONE,
        x: 22, y: 14, fg: Magenta, bg: Reset, underline: Reset, modifier: NONE,
        x: 23, y: 14, fg: Reset, bg: Reset, underline: Reset, modifier: NONE,
        x: 0, y: 15, fg: Magenta, bg: Reset, underline: Reset, modifier: NONE,
        x: 3, y: 15, fg: Reset, bg: Reset, underline: Reset, modifier: NONE,
        x: 22, y: 15, fg: Magenta, bg: Reset, underline: Reset, modifier: NONE,
        x: 23, y: 15, fg: Reset, bg: Reset, underline: Reset, modifier: NONE,
        x: 0, y: 16, fg: Magenta, bg: Reset, underline: Reset, modifier: NONE,
        x: 1, y: 16, fg: Reset, bg: Reset, underline: Reset, modifier: NONE,
        x: 22, y: 16, fg: Magenta, bg: Reset, underline: Reset, modifier: NONE,
        x: 23, y: 16, fg: Reset, bg: Reset, underline: Reset, modifier: NONE,
        x: 22, y: 17, fg: Magenta, bg: Reset, underline: Reset, modifier: NONE,
        x: 23, y: 17, fg: Reset, bg: Reset, underline: Reset, modifier: NONE,
        x: 22, y: 18, fg: Magenta, bg: Reset, underline: Reset, modifier: NONE,
        x: 23, y: 18, fg: Reset, bg: Reset, underline: Reset, modifier: NONE,
        x: 22, y: 19, fg: Magenta, bg: Reset, underline: Reset, modifier: NONE,
        x: 23, y: 19, fg: Reset, bg: Reset, underline: Reset, modifier: NONE,
    ]
}
