---
source: tests/mod.rs
expression: ctx.redact_buffer()
---
Buffer {
    area: Rect { x: 0, y: 0, width: 60, height: 10 },
    content: [
        "🢒Branches                                                   ",
        "▌main origin/main                                           ",
        "▌same-name                                                  ",
        "                                                            ",
        "                                                            ",
        "                                                            ",
        "                                                            ",
        "                                                            ",
        "                                                            ",
        "                                                            ",
    ],
    styles: [
        x: 0, y: 0, fg: Reset, bg: Reset, underline: Reset, modifier: BOLD,
        x: 1, y: 0, fg: Yellow, bg: Reset, underline: Reset, modifier: BOLD,
        x: 9, y: 0, fg: Reset, bg: Reset, underline: Reset, modifier: BOLD,
        x: 0, y: 1, fg: Blue, bg: Reset, underline: Reset, modifier: DIM,
        x: 1, y: 1, fg: Green, bg: Reset, underline: Reset, modifier: NONE,
        x: 5, y: 1, fg: Reset, bg: Reset, underline: Reset, modifier: NONE,
        x: 6, y: 1, fg: Red, bg: Reset, underline: Reset, modifier: NONE,
        x: 17, y: 1, fg: Reset, bg: Reset, underline: Reset, modifier: NONE,
        x: 0, y: 2, fg: Blue, bg: Reset, underline: Reset, modifier: DIM,
        x: 1, y: 2, fg: Green, bg: Reset, underline: Reset, modifier: NONE,
        x: 10, y: 2, fg: Reset, bg: Reset, underline: Reset, modifier: NONE,
    ]
}
