---
source: src/main.rs
expression: terminal.backend().buffer()
---
Buffer {
    area: Rect { x: 0, y: 0, width: 80, height: 30 },
    content: [
        " On branch master                                                               ",
        "                                                                                ",
        " No commits yet                                                                 ",
        "                                                                                ",
        " Untracked files:                                                               ",
        "   (use "git add <file>..." to include in what will be committed)               ",
        " new-file                                                                       ",
        "                                                                                ",
        " nothing added to commit but untracked files present (use "git add" to track)   ",
        "                                                                                ",
        "🢒Untracked files                                                                ",
        " new-file                                                                       ",
        "                                                                                ",
        " Recent commits                                                                 ",
        "                                                                                ",
        "                                                                                ",
        "                                                                                ",
        "                                                                                ",
        "                                                                                ",
        "                                                                                ",
        "                                                                                ",
        "                                                                                ",
        "                                                                                ",
        "                                                                                ",
        "                                                                                ",
        "                                                                                ",
        "                                                                                ",
        "                                                                                ",
        "                                                                                ",
        "                                                                                ",
    ],
    styles: [
        x: 0, y: 0, fg: Reset, bg: Reset, underline: Reset, modifier: NONE,
        x: 1, y: 6, fg: Red, bg: Reset, underline: Reset, modifier: NONE,
        x: 9, y: 6, fg: Reset, bg: Reset, underline: Reset, modifier: NONE,
        x: 0, y: 10, fg: Reset, bg: Rgb(80, 73, 69), underline: Reset, modifier: NONE,
        x: 1, y: 10, fg: Rgb(216, 166, 87), bg: Rgb(80, 73, 69), underline: Reset, modifier: BOLD,
        x: 16, y: 10, fg: Reset, bg: Rgb(80, 73, 69), underline: Reset, modifier: NONE,
        x: 0, y: 11, fg: Reset, bg: Rgb(42, 40, 39), underline: Reset, modifier: NONE,
        x: 1, y: 11, fg: Rgb(234, 105, 98), bg: Rgb(42, 40, 39), underline: Reset, modifier: BOLD,
        x: 9, y: 11, fg: Reset, bg: Rgb(42, 40, 39), underline: Reset, modifier: NONE,
        x: 0, y: 12, fg: Reset, bg: Reset, underline: Reset, modifier: NONE,
        x: 1, y: 13, fg: Rgb(216, 166, 87), bg: Reset, underline: Reset, modifier: BOLD,
        x: 15, y: 13, fg: Reset, bg: Reset, underline: Reset, modifier: NONE,
    ]
}
