---
source: src/main.rs
expression: terminal.backend().buffer()
---
Buffer {
    area: Rect { x: 0, y: 0, width: 80, height: 30 },
    content: [
        "                                                                                ",
        "                                                                                ",
        "🢒Recent commits                                                                 ",
        "                                                                                ",
        "                                                                                ",
        "                                                                                ",
        "                                                                                ",
        "                                                                                ",
        "                                                                                ",
        "                                                                                ",
        "                                                                                ",
        "                                                                                ",
        "                                                                                ",
        "                                                                                ",
        "                                                                                ",
        "                                                                                ",
        "                                                                                ",
        "────────────────────────────────────────────────────────────────────────────────",
        "Help                 Submenu                                                    ",
        "g Refresh            h Help                                                     ",
        "tab ToggleSection    b Branch                                                   ",
        "k SelectPrevious     c Commit                                                   ",
        "p SelectPrevious     f Fetch                                                    ",
        "↑ SelectPrevious     l Log                                                      ",
        "j SelectNext         F Pull                                                     ",
        "n SelectNext         P Push                                                     ",
        "↓ SelectNext         r Rebase                                                   ",
        "C-u HalfPageUp       K Discard                                                  ",
        "C-d HalfPageDown                                                                ",
        "y ShowRefs                                                                      ",
    ],
    styles: [
        x: 0, y: 0, fg: Reset, bg: Reset, underline: Reset, modifier: NONE,
        x: 0, y: 2, fg: Reset, bg: Rgb(80, 73, 69), underline: Reset, modifier: NONE,
        x: 1, y: 2, fg: Rgb(216, 166, 87), bg: Rgb(80, 73, 69), underline: Reset, modifier: BOLD,
        x: 15, y: 2, fg: Reset, bg: Rgb(80, 73, 69), underline: Reset, modifier: NONE,
        x: 0, y: 3, fg: Reset, bg: Reset, underline: Reset, modifier: NONE,
        x: 0, y: 17, fg: Rgb(80, 73, 69), bg: Reset, underline: Reset, modifier: NONE,
        x: 0, y: 18, fg: Rgb(125, 174, 163), bg: Reset, underline: Reset, modifier: BOLD,
        x: 4, y: 18, fg: Reset, bg: Reset, underline: Reset, modifier: NONE,
        x: 21, y: 18, fg: Rgb(125, 174, 163), bg: Reset, underline: Reset, modifier: BOLD,
        x: 28, y: 18, fg: Reset, bg: Reset, underline: Reset, modifier: NONE,
        x: 0, y: 19, fg: Rgb(211, 134, 155), bg: Reset, underline: Reset, modifier: NONE,
        x: 1, y: 19, fg: Reset, bg: Reset, underline: Reset, modifier: NONE,
        x: 21, y: 19, fg: Rgb(211, 134, 155), bg: Reset, underline: Reset, modifier: NONE,
        x: 22, y: 19, fg: Reset, bg: Reset, underline: Reset, modifier: NONE,
        x: 0, y: 20, fg: Rgb(211, 134, 155), bg: Reset, underline: Reset, modifier: NONE,
        x: 3, y: 20, fg: Reset, bg: Reset, underline: Reset, modifier: NONE,
        x: 21, y: 20, fg: Rgb(211, 134, 155), bg: Reset, underline: Reset, modifier: NONE,
        x: 22, y: 20, fg: Reset, bg: Reset, underline: Reset, modifier: NONE,
        x: 0, y: 21, fg: Rgb(211, 134, 155), bg: Reset, underline: Reset, modifier: NONE,
        x: 1, y: 21, fg: Reset, bg: Reset, underline: Reset, modifier: NONE,
        x: 21, y: 21, fg: Rgb(211, 134, 155), bg: Reset, underline: Reset, modifier: NONE,
        x: 22, y: 21, fg: Reset, bg: Reset, underline: Reset, modifier: NONE,
        x: 0, y: 22, fg: Rgb(211, 134, 155), bg: Reset, underline: Reset, modifier: NONE,
        x: 1, y: 22, fg: Reset, bg: Reset, underline: Reset, modifier: NONE,
        x: 21, y: 22, fg: Rgb(211, 134, 155), bg: Reset, underline: Reset, modifier: NONE,
        x: 22, y: 22, fg: Reset, bg: Reset, underline: Reset, modifier: NONE,
        x: 0, y: 23, fg: Rgb(211, 134, 155), bg: Reset, underline: Reset, modifier: NONE,
        x: 1, y: 23, fg: Reset, bg: Reset, underline: Reset, modifier: NONE,
        x: 21, y: 23, fg: Rgb(211, 134, 155), bg: Reset, underline: Reset, modifier: NONE,
        x: 22, y: 23, fg: Reset, bg: Reset, underline: Reset, modifier: NONE,
        x: 0, y: 24, fg: Rgb(211, 134, 155), bg: Reset, underline: Reset, modifier: NONE,
        x: 1, y: 24, fg: Reset, bg: Reset, underline: Reset, modifier: NONE,
        x: 21, y: 24, fg: Rgb(211, 134, 155), bg: Reset, underline: Reset, modifier: NONE,
        x: 22, y: 24, fg: Reset, bg: Reset, underline: Reset, modifier: NONE,
        x: 0, y: 25, fg: Rgb(211, 134, 155), bg: Reset, underline: Reset, modifier: NONE,
        x: 1, y: 25, fg: Reset, bg: Reset, underline: Reset, modifier: NONE,
        x: 21, y: 25, fg: Rgb(211, 134, 155), bg: Reset, underline: Reset, modifier: NONE,
        x: 22, y: 25, fg: Reset, bg: Reset, underline: Reset, modifier: NONE,
        x: 0, y: 26, fg: Rgb(211, 134, 155), bg: Reset, underline: Reset, modifier: NONE,
        x: 1, y: 26, fg: Reset, bg: Reset, underline: Reset, modifier: NONE,
        x: 21, y: 26, fg: Rgb(211, 134, 155), bg: Reset, underline: Reset, modifier: NONE,
        x: 22, y: 26, fg: Reset, bg: Reset, underline: Reset, modifier: NONE,
        x: 0, y: 27, fg: Rgb(211, 134, 155), bg: Reset, underline: Reset, modifier: NONE,
        x: 3, y: 27, fg: Reset, bg: Reset, underline: Reset, modifier: NONE,
        x: 21, y: 27, fg: Rgb(211, 134, 155), bg: Reset, underline: Reset, modifier: NONE,
        x: 22, y: 27, fg: Reset, bg: Reset, underline: Reset, modifier: NONE,
        x: 0, y: 28, fg: Rgb(211, 134, 155), bg: Reset, underline: Reset, modifier: NONE,
        x: 3, y: 28, fg: Reset, bg: Reset, underline: Reset, modifier: NONE,
        x: 0, y: 29, fg: Rgb(211, 134, 155), bg: Reset, underline: Reset, modifier: NONE,
        x: 1, y: 29, fg: Reset, bg: Reset, underline: Reset, modifier: NONE,
    ]
}
